Calculating task graph as no cached configuration is available for tasks: :composeApp:cinteropFirebaseDatabaseBridgeIosSimulatorArm64
Type-safe project accessors is an incubating feature.

> Configure project :composeApp
WARNING: The option setting 'android.usesSdkInManifest.disallowed=false' is deprecated.
The current default is 'true'.
It will be removed in version 10.0 of the Android Gradle plugin.
WARNING: The option setting 'android.sdk.defaultTargetSdkToCompileSdkIfUnset=false' is deprecated.
The current default is 'true'.
It will be removed in version 10.0 of the Android Gradle plugin.
WARNING: The option setting 'android.enableAppCompileTimeRClass=false' is deprecated.
The current default is 'true'.
It will be removed in version 10.0 of the Android Gradle plugin.
WARNING: The option setting 'android.builtInKotlin=false' is deprecated.
The current default is 'true'.
It will be removed in version 10.0 of the Android Gradle plugin.
WARNING: The option setting 'android.newDsl=false' is deprecated.
The current default is 'true'.
It will be removed in version 10.0 of the Android Gradle plugin.
WARNING: The option setting 'android.r8.optimizedResourceShrinking=false' is deprecated.
The current default is 'true'.
It will be removed in version 10.0 of the Android Gradle plugin.
WARNING: The option setting 'android.defaults.buildfeatures.resvalues=true' is deprecated.
The current default is 'false'.
It will be removed in version 10.0 of the Android Gradle plugin.
WARNING: The property android.dependency.excludeLibraryComponentsFromConstraints improves project import performance for very large projects. It should be enabled to improve performance.
To suppress this warning, add android.generateSyncIssueWhenLibraryConstraintsAreEnabled=false to gradle.properties
WARNING: The property android.dependency.excludeLibraryComponentsFromConstraints improves project import performance for very large projects. It should be enabled to improve performance.
To suppress this warning, add android.generateSyncIssueWhenLibraryConstraintsAreEnabled=false to gradle.properties
WARNING: The property android.dependency.excludeLibraryComponentsFromConstraints improves project import performance for very large projects. It should be enabled to improve performance.
To suppress this warning, add android.generateSyncIssueWhenLibraryConstraintsAreEnabled=false to gradle.properties
WARNING: The property android.dependency.excludeLibraryComponentsFromConstraints improves project import performance for very large projects. It should be enabled to improve performance.
To suppress this warning, add android.generateSyncIssueWhenLibraryConstraintsAreEnabled=false to gradle.properties
w: [33m[1m⚠️ The 'org.jetbrains.kotlin.multiplatform' plugin deprecated compatibility with Android Gradle plugin: 'com.android.application'[0m[0m
The 'org.jetbrains.kotlin.multiplatform' plugin is not compatible with 'com.android.application' starting with Android Gradle Plugin 9.0.0.

Please change the structure of the your project and move the usage of 'com.android.application' into a separate subproject. The new subproject should add a dependency on this KMP subproject.

Read more: https://kotl.in/kmp-project-structure-migration
[32m[1mSolution:[0m[0m
[32m[3mPlease change the structure of your project and move the usage of 'com.android.application' into a separate subproject.[0m[0m
[36mSee [0m[34mhttps://kotl.in/gradle/agp-new-kmp[0m[36m for more details.[0m

w: [33m[1m⚠️ Native task 'iosX64Test' is disabled[0m[0m
Task 'iosX64Test' for target 'ios_x64' cannot run on the current host (macos-aarch64).
Reason: architecture mismatch - target requires X64, current host is ARM64
[32m[1mSolution:[0m[0m
[32m[3mTo suppress this warning, add 'kotlin.native.ignoreDisabledTargets=true' to gradle.properties.[0m[0m


> Task :composeApp:generateDefFirebaseDatabaseBridge UP-TO-DATE
> Task :composeApp:xcodeVersion UP-TO-DATE
> Task :composeApp:podGenIos UP-TO-DATE
> Task :composeApp:podInstallSyntheticIos UP-TO-DATE
> Task :composeApp:podSetupBuildFirebaseDatabaseBridgeIosSimulator UP-TO-DATE
> Task :composeApp:podBuildFirebaseDatabaseBridgeIosSimulator UP-TO-DATE
> Task :composeApp:cinteropFirebaseDatabaseBridgeIosSimulatorArm64

[Incubating] Problems report is available at: file:///Users/michelle/Documents/SCHOOL/UNE/T2%202026/COSC591/DementiaSmartApp/GroupB-aoca-smart-app/build/reports/problems/problems-report.html

BUILD SUCCESSFUL in 9s
7 actionable tasks: 1 executed, 6 up-to-date
Configuration cache entry stored.
