Calculating task graph as configuration cache cannot be reused because file 'composeApp/build.gradle.kts' has changed.
Type-safe project accessors is an incubating feature.

> Configure project :composeApp
WARNING: The option setting 'android.usesSdkInManifest.disallowed=false' is deprecated.
The current default is 'true'.
It will be removed in version 10.0 of the Android Gradle plugin.
WARNING: The option setting 'android.sdk.defaultTargetSdkToCompileSdkIfUnset=false' is deprecated.
The current default is 'true'.
It will be removed in version 10.0 of the Android Gradle plugin.
WARNING: The option setting 'android.enableAppCompileTimeRClass=false' is deprecated.
The current default is 'true'.
It will be removed in version 10.0 of the Android Gradle plugin.
WARNING: The option setting 'android.builtInKotlin=false' is deprecated.
The current default is 'true'.
It will be removed in version 10.0 of the Android Gradle plugin.
WARNING: The option setting 'android.newDsl=false' is deprecated.
The current default is 'true'.
It will be removed in version 10.0 of the Android Gradle plugin.
WARNING: The option setting 'android.r8.optimizedResourceShrinking=false' is deprecated.
The current default is 'true'.
It will be removed in version 10.0 of the Android Gradle plugin.
WARNING: The option setting 'android.defaults.buildfeatures.resvalues=true' is deprecated.
The current default is 'false'.
It will be removed in version 10.0 of the Android Gradle plugin.
WARNING: The property android.dependency.excludeLibraryComponentsFromConstraints improves project import performance for very large projects. It should be enabled to improve performance.
To suppress this warning, add android.generateSyncIssueWhenLibraryConstraintsAreEnabled=false to gradle.properties
WARNING: The property android.dependency.excludeLibraryComponentsFromConstraints improves project import performance for very large projects. It should be enabled to improve performance.
To suppress this warning, add android.generateSyncIssueWhenLibraryConstraintsAreEnabled=false to gradle.properties
WARNING: The property android.dependency.excludeLibraryComponentsFromConstraints improves project import performance for very large projects. It should be enabled to improve performance.
To suppress this warning, add android.generateSyncIssueWhenLibraryConstraintsAreEnabled=false to gradle.properties
WARNING: The property android.dependency.excludeLibraryComponentsFromConstraints improves project import performance for very large projects. It should be enabled to improve performance.
To suppress this warning, add android.generateSyncIssueWhenLibraryConstraintsAreEnabled=false to gradle.properties
w: [33m[1m⚠️ The 'org.jetbrains.kotlin.multiplatform' plugin deprecated compatibility with Android Gradle plugin: 'com.android.application'[0m[0m
The 'org.jetbrains.kotlin.multiplatform' plugin is not compatible with 'com.android.application' starting with Android Gradle Plugin 9.0.0.

Please change the structure of the your project and move the usage of 'com.android.application' into a separate subproject. The new subproject should add a dependency on this KMP subproject.

Read more: https://kotl.in/kmp-project-structure-migration
[32m[1mSolution:[0m[0m
[32m[3mPlease change the structure of your project and move the usage of 'com.android.application' into a separate subproject.[0m[0m
[36mSee [0m[34mhttps://kotl.in/gradle/agp-new-kmp[0m[36m for more details.[0m

w: [33m[1m⚠️ Native task 'iosX64Test' is disabled[0m[0m
Task 'iosX64Test' for target 'ios_x64' cannot run on the current host (macos-aarch64).
Reason: architecture mismatch - target requires X64, current host is ARM64
[32m[1mSolution:[0m[0m
[32m[3mTo suppress this warning, add 'kotlin.native.ignoreDisabledTargets=true' to gradle.properties.[0m[0m


> Task :composeApp:generateDefFirebaseAuth UP-TO-DATE
> Task :composeApp:generateDefFirebaseCore UP-TO-DATE
> Task :composeApp:generateDefFirebaseDatabaseBridge UP-TO-DATE
> Task :composeApp:xcodeVersion UP-TO-DATE
> Task :composeApp:generateDefFirebaseDatabase UP-TO-DATE
> Task :composeApp:generateDefFirebaseStorage UP-TO-DATE
> Task :composeApp:kmpPartiallyResolvedDependenciesChecker
> Task :composeApp:checkKotlinGradlePluginConfigurationErrors SKIPPED
> Task :composeApp:generateDefFirebaseFirestoreBridge UP-TO-DATE
> Task :composeApp:copyNonXmlValueResourcesForAppleMain NO-SOURCE
> Task :composeApp:generateDefFirebaseFirestore UP-TO-DATE
> Task :composeApp:convertXmlValueResourcesForAppleMain NO-SOURCE
> Task :composeApp:convertXmlValueResourcesForIosSimulatorArm64Main NO-SOURCE
> Task :composeApp:podGenIos UP-TO-DATE
> Task :composeApp:convertXmlValueResourcesForIosMain NO-SOURCE
> Task :composeApp:copyNonXmlValueResourcesForIosSimulatorArm64Main NO-SOURCE
> Task :composeApp:copyNonXmlValueResourcesForIosMain NO-SOURCE
> Task :composeApp:podInstallSyntheticIos UP-TO-DATE
> Task :composeApp:prepareComposeResourcesTaskForAppleMain NO-SOURCE
> Task :composeApp:podSetupBuildFirebaseAuthIosSimulator UP-TO-DATE
> Task :composeApp:podSetupBuildFirebaseDatabaseIosSimulator UP-TO-DATE
> Task :composeApp:podSetupBuildFirebaseCoreIosSimulator UP-TO-DATE
> Task :composeApp:podSetupBuildFirebaseDatabaseBridgeIosSimulator UP-TO-DATE
> Task :composeApp:podSetupBuildFirebaseFirestoreIosSimulator UP-TO-DATE
> Task :composeApp:podSetupBuildFirebaseFirestoreBridgeIosSimulator UP-TO-DATE
> Task :composeApp:generateResourceAccessorsForAppleMain NO-SOURCE
> Task :composeApp:podSetupBuildFirebaseStorageIosSimulator UP-TO-DATE
> Task :composeApp:prepareComposeResourcesTaskForIosMain NO-SOURCE
> Task :composeApp:prepareComposeResourcesTaskForIosSimulatorArm64Main NO-SOURCE
> Task :composeApp:generateResourceAccessorsForIosMain NO-SOURCE
> Task :composeApp:generateResourceAccessorsForIosSimulatorArm64Main NO-SOURCE
> Task :composeApp:copyNonXmlValueResourcesForNativeMain NO-SOURCE
> Task :composeApp:copyNonXmlValueResourcesForCommonMain
> Task :composeApp:convertXmlValueResourcesForNativeMain NO-SOURCE
> Task :composeApp:convertXmlValueResourcesForCommonMain NO-SOURCE
> Task :composeApp:prepareComposeResourcesTaskForNativeMain NO-SOURCE
> Task :composeApp:generateResourceAccessorsForNativeMain NO-SOURCE
> Task :composeApp:downloadKotlinNativeDistribution UP-TO-DATE
> Task :composeApp:prepareComposeResourcesTaskForCommonMain
> Task :composeApp:generateExpectResourceCollectorsForCommonMain
> Task :composeApp:generateResourceAccessorsForCommonMain
> Task :composeApp:generateComposeResClass
> Task :composeApp:generateActualResourceCollectorsForIosSimulatorArm64Main
> Task :composeApp:podBuildFirebaseAuthIosSimulator UP-TO-DATE
> Task :composeApp:cinteropFirebaseAuthIosSimulatorArm64 UP-TO-DATE
> Task :composeApp:podBuildFirebaseCoreIosSimulator
> Task :composeApp:cinteropFirebaseCoreIosSimulatorArm64 UP-TO-DATE
> Task :composeApp:podBuildFirebaseDatabaseIosSimulator
> Task :composeApp:cinteropFirebaseDatabaseIosSimulatorArm64 UP-TO-DATE
> Task :composeApp:podBuildFirebaseDatabaseBridgeIosSimulator UP-TO-DATE
> Task :composeApp:cinteropFirebaseDatabaseBridgeIosSimulatorArm64 UP-TO-DATE
> Task :composeApp:podBuildFirebaseFirestoreIosSimulator UP-TO-DATE
> Task :composeApp:cinteropFirebaseFirestoreIosSimulatorArm64 UP-TO-DATE
> Task :composeApp:podBuildFirebaseFirestoreBridgeIosSimulator UP-TO-DATE
> Task :composeApp:podBuildFirebaseStorageIosSimulator UP-TO-DATE
> Task :composeApp:cinteropFirebaseFirestoreBridgeIosSimulatorArm64
> Task :composeApp:cinteropFirebaseStorageIosSimulatorArm64 UP-TO-DATE

> Task :composeApp:compileKotlinIosSimulatorArm64 FAILED
e: file:///Users/michelle/Documents/SCHOOL/UNE/T2%202026/COSC591/DementiaSmartApp/GroupB-aoca-smart-app/composeApp/src/iosMain/kotlin/org/example/dementia_tester_app/data/ActivityService.ios.kt:215:40 Function invocation 'count()' expected.
e: file:///Users/michelle/Documents/SCHOOL/UNE/T2%202026/COSC591/DementiaSmartApp/GroupB-aoca-smart-app/composeApp/src/iosMain/kotlin/org/example/dementia_tester_app/data/ActivityService.ios.kt:220:44 Unresolved reference 'objectAtIndex'.
e: file:///Users/michelle/Documents/SCHOOL/UNE/T2%202026/COSC591/DementiaSmartApp/GroupB-aoca-smart-app/composeApp/src/iosMain/kotlin/org/example/dementia_tester_app/data/ActivityService.ios.kt:389:36 Function invocation 'count()' expected.
e: file:///Users/michelle/Documents/SCHOOL/UNE/T2%202026/COSC591/DementiaSmartApp/GroupB-aoca-smart-app/composeApp/src/iosMain/kotlin/org/example/dementia_tester_app/data/ActivityService.ios.kt:397:40 Unresolved reference 'objectAtIndex'.
e: file:///Users/michelle/Documents/SCHOOL/UNE/T2%202026/COSC591/DementiaSmartApp/GroupB-aoca-smart-app/composeApp/src/iosMain/kotlin/org/example/dementia_tester_app/data/ActivityService.ios.kt:416:37 Cannot infer type for type parameter 'R'. Specify it explicitly.
e: file:///Users/michelle/Documents/SCHOOL/UNE/T2%202026/COSC591/DementiaSmartApp/GroupB-aoca-smart-app/composeApp/src/iosMain/kotlin/org/example/dementia_tester_app/data/ActivityService.ios.kt:416:37 Cannot infer type for type parameter 'T'. Specify it explicitly.
e: file:///Users/michelle/Documents/SCHOOL/UNE/T2%202026/COSC591/DementiaSmartApp/GroupB-aoca-smart-app/composeApp/src/iosMain/kotlin/org/example/dementia_tester_app/data/ActivityService.ios.kt:416:37 Unresolved reference. None of the following candidates is applicable because of a receiver type mismatch:
fun <R, T : R> Result<T>.getOrDefault(defaultValue: R): R
e: file:///Users/michelle/Documents/SCHOOL/UNE/T2%202026/COSC591/DementiaSmartApp/GroupB-aoca-smart-app/composeApp/src/iosMain/kotlin/org/example/dementia_tester_app/ui/components/ImagePicker.ios.kt:22:55 Argument type mismatch: actual type is 'UIImage.Companion', but 'NSItemProviderReadingProtocol' was expected.
e: file:///Users/michelle/Documents/SCHOOL/UNE/T2%202026/COSC591/DementiaSmartApp/GroupB-aoca-smart-app/composeApp/src/iosMain/kotlin/org/example/dementia_tester_app/ui/components/ImagePicker.ios.kt:23:52 Argument type mismatch: actual type is 'UIImage.Companion', but 'NSItemProviderReadingProtocol' was expected.
e: file:///Users/michelle/Documents/SCHOOL/UNE/T2%202026/COSC591/DementiaSmartApp/GroupB-aoca-smart-app/composeApp/src/iosMain/kotlin/org/example/dementia_tester_app/ui/components/ImagePicker.ios.kt:50:33 Unresolved reference 'memcpy'.

[Incubating] Problems report is available at: file:///Users/michelle/Documents/SCHOOL/UNE/T2%202026/COSC591/DementiaSmartApp/GroupB-aoca-smart-app/build/reports/problems/problems-report.html

FAILURE: Build failed with an exception.

* What went wrong:
Execution failed for task ':composeApp:compileKotlinIosSimulatorArm64'.
> Compilation finished with errors

* Try:
> Run with --stacktrace option to get the stack trace.
> Run with --info or --debug option to get more log output.
> Run with --scan to get full insights from a Build Scan (powered by Develocity).
> Get more help at https://help.gradle.org.

BUILD FAILED in 29s
40 actionable tasks: 11 executed, 29 up-to-date
Configuration cache entry stored.
