Reusing configuration cache.
> Task :composeApp:kmpPartiallyResolvedDependenciesChecker
> Task :composeApp:generateDefFirebaseDatabase UP-TO-DATE
> Task :composeApp:checkKotlinGradlePluginConfigurationErrors SKIPPED
> Task :composeApp:xcodeVersion UP-TO-DATE
> Task :composeApp:generateDefFirebaseAuth UP-TO-DATE
> Task :composeApp:generateDefFirebaseStorage UP-TO-DATE
> Task :composeApp:generateDefFirebaseCore UP-TO-DATE
> Task :composeApp:copyNonXmlValueResourcesForAppleMain NO-SOURCE
> Task :composeApp:convertXmlValueResourcesForAppleMain NO-SOURCE
> Task :composeApp:convertXmlValueResourcesForIosMain NO-SOURCE
> Task :composeApp:podGenIos UP-TO-DATE
> Task :composeApp:convertXmlValueResourcesForCommonMain NO-SOURCE
> Task :composeApp:prepareComposeResourcesTaskForAppleMain NO-SOURCE
> Task :composeApp:copyNonXmlValueResourcesForIosMain NO-SOURCE
> Task :composeApp:convertXmlValueResourcesForIosSimulatorArm64Main NO-SOURCE
> Task :composeApp:copyNonXmlValueResourcesForCommonMain UP-TO-DATE
> Task :composeApp:generateResourceAccessorsForAppleMain NO-SOURCE
> Task :composeApp:copyNonXmlValueResourcesForIosSimulatorArm64Main NO-SOURCE
> Task :composeApp:podInstallSyntheticIos UP-TO-DATE
> Task :composeApp:podSetupBuildFirebaseAuthIosSimulator UP-TO-DATE
> Task :composeApp:podSetupBuildFirebaseCoreIosSimulator UP-TO-DATE
> Task :composeApp:convertXmlValueResourcesForNativeMain NO-SOURCE
> Task :composeApp:podSetupBuildFirebaseStorageIosSimulator UP-TO-DATE
> Task :composeApp:podSetupBuildFirebaseDatabaseIosSimulator UP-TO-DATE
> Task :composeApp:prepareComposeResourcesTaskForIosSimulatorArm64Main NO-SOURCE
> Task :composeApp:copyNonXmlValueResourcesForNativeMain NO-SOURCE
> Task :composeApp:generateResourceAccessorsForIosSimulatorArm64Main NO-SOURCE
> Task :composeApp:prepareComposeResourcesTaskForCommonMain UP-TO-DATE
> Task :composeApp:prepareComposeResourcesTaskForIosMain NO-SOURCE
> Task :composeApp:prepareComposeResourcesTaskForNativeMain NO-SOURCE
> Task :composeApp:generateResourceAccessorsForIosMain NO-SOURCE
> Task :composeApp:generateResourceAccessorsForCommonMain UP-TO-DATE
> Task :composeApp:generateComposeResClass UP-TO-DATE
> Task :composeApp:generateResourceAccessorsForNativeMain NO-SOURCE
> Task :composeApp:generateExpectResourceCollectorsForCommonMain UP-TO-DATE
> Task :composeApp:downloadKotlinNativeDistribution UP-TO-DATE
> Task :composeApp:generateActualResourceCollectorsForIosSimulatorArm64Main UP-TO-DATE
> Task :composeApp:podBuildFirebaseAuthIosSimulator UP-TO-DATE
> Task :composeApp:cinteropFirebaseAuthIosSimulatorArm64 UP-TO-DATE
> Task :composeApp:podBuildFirebaseCoreIosSimulator
> Task :composeApp:cinteropFirebaseCoreIosSimulatorArm64 UP-TO-DATE
> Task :composeApp:podBuildFirebaseDatabaseIosSimulator UP-TO-DATE
> Task :composeApp:cinteropFirebaseDatabaseIosSimulatorArm64 UP-TO-DATE
> Task :composeApp:podBuildFirebaseStorageIosSimulator UP-TO-DATE
> Task :composeApp:cinteropFirebaseStorageIosSimulatorArm64 UP-TO-DATE

> Task :composeApp:compileKotlinIosSimulatorArm64
e: file:///Users/michelle/Documents/SCHOOL/UNE/T2%202026/COSC591/DementiaSmartApp/GroupB-aoca-smart-app/composeApp/src/commonMain/kotlin/org/example/dementia_tester_app/App.kt:3:8 Unresolved reference 'android'.
e: file:///Users/michelle/Documents/SCHOOL/UNE/T2%202026/COSC591/DementiaSmartApp/GroupB-aoca-smart-app/composeApp/src/commonMain/kotlin/org/example/dementia_tester_app/App.kt:202:17 Unresolved reference 'Build'.
e: file:///Users/michelle/Documents/SCHOOL/UNE/T2%202026/COSC591/DementiaSmartApp/GroupB-aoca-smart-app/composeApp/src/commonMain/kotlin/org/example/dementia_tester_app/ui/components/QuizSummary.kt:3:8 Unresolved reference 'android'.
e: file:///Users/michelle/Documents/SCHOOL/UNE/T2%202026/COSC591/DementiaSmartApp/GroupB-aoca-smart-app/composeApp/src/commonMain/kotlin/org/example/dementia_tester_app/ui/components/QuizSummary.kt:21:2 Unresolved reference 'SuppressLint'.
e: file:///Users/michelle/Documents/SCHOOL/UNE/T2%202026/COSC591/DementiaSmartApp/GroupB-aoca-smart-app/composeApp/src/commonMain/kotlin/org/example/dementia_tester_app/ui/components/UserTestResults.kt:4:8 Unresolved reference 'android'.
e: file:///Users/michelle/Documents/SCHOOL/UNE/T2%202026/COSC591/DementiaSmartApp/GroupB-aoca-smart-app/composeApp/src/commonMain/kotlin/org/example/dementia_tester_app/ui/components/UserTestResults.kt:457:2 Unresolved reference 'SuppressLint'.
e: file:///Users/michelle/Documents/SCHOOL/UNE/T2%202026/COSC591/DementiaSmartApp/GroupB-aoca-smart-app/composeApp/src/commonMain/kotlin/org/example/dementia_tester_app/ui/components/UserTestResults.kt:565:2 Unresolved reference 'SuppressLint'.
e: file:///Users/michelle/Documents/SCHOOL/UNE/T2%202026/COSC591/DementiaSmartApp/GroupB-aoca-smart-app/composeApp/src/commonMain/kotlin/org/example/dementia_tester_app/ui/screens/Chat.kt:26:8 Unresolved reference 'com'.
e: file:///Users/michelle/Documents/SCHOOL/UNE/T2%202026/COSC591/DementiaSmartApp/GroupB-aoca-smart-app/composeApp/src/commonMain/kotlin/org/example/dementia_tester_app/ui/screens/Chat.kt:27:8 Unresolved reference 'com'.
e: file:///Users/michelle/Documents/SCHOOL/UNE/T2%202026/COSC591/DementiaSmartApp/GroupB-aoca-smart-app/composeApp/src/commonMain/kotlin/org/example/dementia_tester_app/ui/screens/Chat.kt:28:8 Unresolved reference 'com'.
e: file:///Users/michelle/Documents/SCHOOL/UNE/T2%202026/COSC591/DementiaSmartApp/GroupB-aoca-smart-app/composeApp/src/commonMain/kotlin/org/example/dementia_tester_app/ui/screens/Chat.kt:29:8 Unresolved reference 'com'.
e: file:///Users/michelle/Documents/SCHOOL/UNE/T2%202026/COSC591/DementiaSmartApp/GroupB-aoca-smart-app/composeApp/src/commonMain/kotlin/org/example/dementia_tester_app/ui/screens/Chat.kt:79:24 Unresolved reference 'Firebase'.
e: file:///Users/michelle/Documents/SCHOOL/UNE/T2%202026/COSC591/DementiaSmartApp/GroupB-aoca-smart-app/composeApp/src/commonMain/kotlin/org/example/dementia_tester_app/ui/screens/Chat.kt:81:38 Unresolved reference 'uid'.
e: file:///Users/michelle/Documents/SCHOOL/UNE/T2%202026/COSC591/DementiaSmartApp/GroupB-aoca-smart-app/composeApp/src/commonMain/kotlin/org/example/dementia_tester_app/ui/screens/Chat.kt:82:21 Unresolved reference 'Firebase'.
e: file:///Users/michelle/Documents/SCHOOL/UNE/T2%202026/COSC591/DementiaSmartApp/GroupB-aoca-smart-app/composeApp/src/commonMain/kotlin/org/example/dementia_tester_app/ui/screens/Chat.kt:91:18 Unresolved reference 'addOnSuccessListener'.
e: file:///Users/michelle/Documents/SCHOOL/UNE/T2%202026/COSC591/DementiaSmartApp/GroupB-aoca-smart-app/composeApp/src/commonMain/kotlin/org/example/dementia_tester_app/ui/screens/Chat.kt:91:41 Cannot infer type for value parameter 'snapshot'. Specify it explicitly.
e: file:///Users/michelle/Documents/SCHOOL/UNE/T2%202026/COSC591/DementiaSmartApp/GroupB-aoca-smart-app/composeApp/src/commonMain/kotlin/org/example/dementia_tester_app/ui/screens/Chat.kt:92:25 Unresolved reference 'Firebase'.
e: file:///Users/michelle/Documents/SCHOOL/UNE/T2%202026/COSC591/DementiaSmartApp/GroupB-aoca-smart-app/composeApp/src/commonMain/kotlin/org/example/dementia_tester_app/ui/screens/Chat.kt:92:74 Return type mismatch: expected '??? (Unknown type for value parameter it)', actual 'Unit'.
e: file:///Users/michelle/Documents/SCHOOL/UNE/T2%202026/COSC591/DementiaSmartApp/GroupB-aoca-smart-app/composeApp/src/commonMain/kotlin/org/example/dementia_tester_app/ui/screens/Chat.kt:94:34 Unresolved reference 'exists'.
e: file:///Users/michelle/Documents/SCHOOL/UNE/T2%202026/COSC591/DementiaSmartApp/GroupB-aoca-smart-app/composeApp/src/commonMain/kotlin/org/example/dementia_tester_app/ui/screens/Chat.kt:94:55 Unresolved reference 'children'.
e: file:///Users/michelle/Documents/SCHOOL/UNE/T2%202026/COSC591/DementiaSmartApp/GroupB-aoca-smart-app/composeApp/src/commonMain/kotlin/org/example/dementia_tester_app/ui/screens/Chat.kt:95:48 Unresolved reference 'children'.
e: file:///Users/michelle/Documents/SCHOOL/UNE/T2%202026/COSC591/DementiaSmartApp/GroupB-aoca-smart-app/composeApp/src/commonMain/kotlin/org/example/dementia_tester_app/ui/screens/Chat.kt:96:46 Unresolved reference 'child'.
e: file:///Users/michelle/Documents/SCHOOL/UNE/T2%202026/COSC591/DementiaSmartApp/GroupB-aoca-smart-app/composeApp/src/commonMain/kotlin/org/example/dementia_tester_app/ui/screens/Chat.kt:96:60 Cannot infer type for type parameter 'K'. Specify it explicitly.
e: file:///Users/michelle/Documents/SCHOOL/UNE/T2%202026/COSC591/DementiaSmartApp/GroupB-aoca-smart-app/composeApp/src/commonMain/kotlin/org/example/dementia_tester_app/ui/screens/Chat.kt:96:60 Cannot infer type for type parameter 'V'. Specify it explicitly.
e: file:///Users/michelle/Documents/SCHOOL/UNE/T2%202026/COSC591/DementiaSmartApp/GroupB-aoca-smart-app/composeApp/src/commonMain/kotlin/org/example/dementia_tester_app/ui/screens/Chat.kt:96:83 Unresolved reference 'java'.
e: file:///Users/michelle/Documents/SCHOOL/UNE/T2%202026/COSC591/DementiaSmartApp/GroupB-aoca-smart-app/composeApp/src/commonMain/kotlin/org/example/dementia_tester_app/ui/screens/Chat.kt:99:51 Argument type mismatch: actual type is 'Any', but 'String' was expected.
e: file:///Users/michelle/Documents/SCHOOL/UNE/T2%202026/COSC591/DementiaSmartApp/GroupB-aoca-smart-app/composeApp/src/commonMain/kotlin/org/example/dementia_tester_app/ui/screens/Chat.kt:128:24 Unresolved reference 'Firebase'.
e: file:///Users/michelle/Documents/SCHOOL/UNE/T2%202026/COSC591/DementiaSmartApp/GroupB-aoca-smart-app/composeApp/src/commonMain/kotlin/org/example/dementia_tester_app/ui/screens/Chat.kt:292:21 Unresolved reference 'Firebase'.
e: file:///Users/michelle/Documents/SCHOOL/UNE/T2%202026/COSC591/DementiaSmartApp/GroupB-aoca-smart-app/composeApp/src/commonMain/kotlin/org/example/dementia_tester_app/ui/screens/Chat.kt:293:29 Unresolved reference 'Firebase'.
e: file:///Users/michelle/Documents/SCHOOL/UNE/T2%202026/COSC591/DementiaSmartApp/GroupB-aoca-smart-app/composeApp/src/commonMain/kotlin/org/example/dementia_tester_app/ui/screens/Chat.kt:297:14 Unresolved reference 'addOnSuccessListener'.
e: file:///Users/michelle/Documents/SCHOOL/UNE/T2%202026/COSC591/DementiaSmartApp/GroupB-aoca-smart-app/composeApp/src/commonMain/kotlin/org/example/dementia_tester_app/ui/screens/Chat.kt:297:37 Cannot infer type for value parameter 'snapshot'. Specify it explicitly.
e: file:///Users/michelle/Documents/SCHOOL/UNE/T2%202026/COSC591/DementiaSmartApp/GroupB-aoca-smart-app/composeApp/src/commonMain/kotlin/org/example/dementia_tester_app/ui/screens/Chat.kt:299:30 Unresolved reference 'exists'.
e: file:///Users/michelle/Documents/SCHOOL/UNE/T2%202026/COSC591/DementiaSmartApp/GroupB-aoca-smart-app/composeApp/src/commonMain/kotlin/org/example/dementia_tester_app/ui/screens/Chat.kt:300:44 Unresolved reference 'children'.
e: file:///Users/michelle/Documents/SCHOOL/UNE/T2%202026/COSC591/DementiaSmartApp/GroupB-aoca-smart-app/composeApp/src/commonMain/kotlin/org/example/dementia_tester_app/ui/screens/Chat.kt:301:42 Unresolved reference 'child'.
e: file:///Users/michelle/Documents/SCHOOL/UNE/T2%202026/COSC591/DementiaSmartApp/GroupB-aoca-smart-app/composeApp/src/commonMain/kotlin/org/example/dementia_tester_app/ui/screens/Chat.kt:301:56 Cannot infer type for type parameter 'K'. Specify it explicitly.
e: file:///Users/michelle/Documents/SCHOOL/UNE/T2%202026/COSC591/DementiaSmartApp/GroupB-aoca-smart-app/composeApp/src/commonMain/kotlin/org/example/dementia_tester_app/ui/screens/Chat.kt:301:79 Unresolved reference 'java'.
e: file:///Users/michelle/Documents/SCHOOL/UNE/T2%202026/COSC591/DementiaSmartApp/GroupB-aoca-smart-app/composeApp/src/commonMain/kotlin/org/example/dementia_tester_app/ui/screens/Chat.kt:302:46 Unresolved reference 'child'.
e: file:///Users/michelle/Documents/SCHOOL/UNE/T2%202026/COSC591/DementiaSmartApp/GroupB-aoca-smart-app/composeApp/src/commonMain/kotlin/org/example/dementia_tester_app/ui/screens/Chat.kt:302:64 Cannot infer type for type parameter 'K'. Specify it explicitly.
e: file:///Users/michelle/Documents/SCHOOL/UNE/T2%202026/COSC591/DementiaSmartApp/GroupB-aoca-smart-app/composeApp/src/commonMain/kotlin/org/example/dementia_tester_app/ui/screens/Chat.kt:302:87 Unresolved reference 'java'.
e: file:///Users/michelle/Documents/SCHOOL/UNE/T2%202026/COSC591/DementiaSmartApp/GroupB-aoca-smart-app/composeApp/src/commonMain/kotlin/org/example/dementia_tester_app/ui/screens/Chat.kt:319:33 Unresolved reference 'Firebase'.
e: file:///Users/michelle/Documents/SCHOOL/UNE/T2%202026/COSC591/DementiaSmartApp/GroupB-aoca-smart-app/composeApp/src/commonMain/kotlin/org/example/dementia_tester_app/ui/screens/Chat.kt:327:25 Unresolved reference 'Firebase'.
e: file:///Users/michelle/Documents/SCHOOL/UNE/T2%202026/COSC591/DementiaSmartApp/GroupB-aoca-smart-app/composeApp/src/commonMain/kotlin/org/example/dementia_tester_app/ui/screens/Chat.kt:340:36 Unresolved reference 'ServerValue'.
e: file:///Users/michelle/Documents/SCHOOL/UNE/T2%202026/COSC591/DementiaSmartApp/GroupB-aoca-smart-app/composeApp/src/iosMain/kotlin/org/example/dementia_tester_app/auth/AuthService.ios.kt:19:16 'signIn' hides member of supertype 'AuthServiceInterface' and needs an 'override' modifier.
e: file:///Users/michelle/Documents/SCHOOL/UNE/T2%202026/COSC591/DementiaSmartApp/GroupB-aoca-smart-app/composeApp/src/iosMain/kotlin/org/example/dementia_tester_app/auth/AuthService.ios.kt:47:16 'signUp' hides member of supertype 'AuthServiceInterface' and needs an 'override' modifier.
e: file:///Users/michelle/Documents/SCHOOL/UNE/T2%202026/COSC591/DementiaSmartApp/GroupB-aoca-smart-app/composeApp/src/iosMain/kotlin/org/example/dementia_tester_app/auth/AuthService.ios.kt:68:16 'sendPasswordResetEmail' hides member of supertype 'AuthServiceInterface' and needs an 'override' modifier.
e: file:///Users/michelle/Documents/SCHOOL/UNE/T2%202026/COSC591/DementiaSmartApp/GroupB-aoca-smart-app/composeApp/src/iosMain/kotlin/org/example/dementia_tester_app/auth/AuthService.ios.kt:88:16 'sendEmailVerification' hides member of supertype 'AuthServiceInterface' and needs an 'override' modifier.
e: file:///Users/michelle/Documents/SCHOOL/UNE/T2%202026/COSC591/DementiaSmartApp/GroupB-aoca-smart-app/composeApp/src/iosMain/kotlin/org/example/dementia_tester_app/auth/AuthService.ios.kt:103:16 'isEmailVerified' hides member of supertype 'AuthServiceInterface' and needs an 'override' modifier.
e: file:///Users/michelle/Documents/SCHOOL/UNE/T2%202026/COSC591/DementiaSmartApp/GroupB-aoca-smart-app/composeApp/src/iosMain/kotlin/org/example/dementia_tester_app/auth/AuthService.ios.kt:107:16 'reloadUser' hides member of supertype 'AuthServiceInterface' and needs an 'override' modifier.
e: file:///Users/michelle/Documents/SCHOOL/UNE/T2%202026/COSC591/DementiaSmartApp/GroupB-aoca-smart-app/composeApp/src/iosMain/kotlin/org/example/dementia_tester_app/auth/AuthService.ios.kt:123:16 'signOut' hides member of supertype 'AuthServiceInterface' and needs an 'override' modifier.
e: file:///Users/michelle/Documents/SCHOOL/UNE/T2%202026/COSC591/DementiaSmartApp/GroupB-aoca-smart-app/composeApp/src/iosMain/kotlin/org/example/dementia_tester_app/auth/AuthService.ios.kt:131:16 'isUserSignedIn' hides member of supertype 'AuthServiceInterface' and needs an 'override' modifier.
e: file:///Users/michelle/Documents/SCHOOL/UNE/T2%202026/COSC591/DementiaSmartApp/GroupB-aoca-smart-app/composeApp/src/iosMain/kotlin/org/example/dementia_tester_app/auth/AuthService.ios.kt:135:16 'getCurrentUserId' hides member of supertype 'AuthServiceInterface' and needs an 'override' modifier.
e: file:///Users/michelle/Documents/SCHOOL/UNE/T2%202026/COSC591/DementiaSmartApp/GroupB-aoca-smart-app/composeApp/src/iosMain/kotlin/org/example/dementia_tester_app/auth/AuthService.ios.kt:139:16 'getCurrentUserEmail' hides member of supertype 'AuthServiceInterface' and needs an 'override' modifier.
e: file:///Users/michelle/Documents/SCHOOL/UNE/T2%202026/COSC591/DementiaSmartApp/GroupB-aoca-smart-app/composeApp/src/iosMain/kotlin/org/example/dementia_tester_app/auth/AuthService.ios.kt:143:16 'changePassword' hides member of supertype 'AuthServiceInterface' and needs an 'override' modifier.
e: file:///Users/michelle/Documents/SCHOOL/UNE/T2%202026/COSC591/DementiaSmartApp/GroupB-aoca-smart-app/composeApp/src/iosMain/kotlin/org/example/dementia_tester_app/auth/AuthService.ios.kt:158:16 'deleteAccount' hides member of supertype 'AuthServiceInterface' and needs an 'override' modifier.
e: file:///Users/michelle/Documents/SCHOOL/UNE/T2%202026/COSC591/DementiaSmartApp/GroupB-aoca-smart-app/composeApp/src/iosMain/kotlin/org/example/dementia_tester_app/data/ActivityService.ios.kt:4:18 Unresolved reference 'FirebaseFirestore'.
e: file:///Users/michelle/Documents/SCHOOL/UNE/T2%202026/COSC591/DementiaSmartApp/GroupB-aoca-smart-app/composeApp/src/iosMain/kotlin/org/example/dementia_tester_app/data/ActivityService.ios.kt:5:18 Unresolved reference 'FirebaseFirestore'.
e: file:///Users/michelle/Documents/SCHOOL/UNE/T2%202026/COSC591/DementiaSmartApp/GroupB-aoca-smart-app/composeApp/src/iosMain/kotlin/org/example/dementia_tester_app/data/ActivityService.ios.kt:6:18 Unresolved reference 'FirebaseFirestore'.
e: file:///Users/michelle/Documents/SCHOOL/UNE/T2%202026/COSC591/DementiaSmartApp/GroupB-aoca-smart-app/composeApp/src/iosMain/kotlin/org/example/dementia_tester_app/data/ActivityService.ios.kt:7:18 Unresolved reference 'FirebaseFirestore'.
e: file:///Users/michelle/Documents/SCHOOL/UNE/T2%202026/COSC591/DementiaSmartApp/GroupB-aoca-smart-app/composeApp/src/iosMain/kotlin/org/example/dementia_tester_app/data/ActivityService.ios.kt:8:18 Unresolved reference 'FirebaseFirestore'.
e: file:///Users/michelle/Documents/SCHOOL/UNE/T2%202026/COSC591/DementiaSmartApp/GroupB-aoca-smart-app/composeApp/src/iosMain/kotlin/org/example/dementia_tester_app/data/ActivityService.ios.kt:23:14 The 'expect' and the 'actual' declarations are incompatible.
  expect: public final expect class ActivityService : ActivityServiceInterface
  actual: public final actual class ActivityService : Any
  reason: some supertypes are missing in the 'actual' declaration
e: file:///Users/michelle/Documents/SCHOOL/UNE/T2%202026/COSC591/DementiaSmartApp/GroupB-aoca-smart-app/composeApp/src/iosMain/kotlin/org/example/dementia_tester_app/data/ActivityService.ios.kt:23:14 'actual class ActivityService : Any' has no corresponding members for expected class members:

    expect fun logActivityForUser(userId: String, activity: Activity, callback: (DatabaseResult<Unit>) -> Unit): Unit

    expect fun getActivitiesFlowForUser(userId: String): Flow<List<Activity>>

    expect fun getTodaySummaryForUser(userId: String, callback: (DatabaseResult<Map<String, Int>>) -> Unit): Unit

e: file:///Users/michelle/Documents/SCHOOL/UNE/T2%202026/COSC591/DementiaSmartApp/GroupB-aoca-smart-app/composeApp/src/iosMain/kotlin/org/example/dementia_tester_app/data/ActivityService.ios.kt:25:29 Unresolved reference 'FIRFirestore'.
e: file:///Users/michelle/Documents/SCHOOL/UNE/T2%202026/COSC591/DementiaSmartApp/GroupB-aoca-smart-app/composeApp/src/iosMain/kotlin/org/example/dementia_tester_app/data/ActivityService.ios.kt:28:37 Cannot infer type for type parameter 'R'. Specify it explicitly.
e: file:///Users/michelle/Documents/SCHOOL/UNE/T2%202026/COSC591/DementiaSmartApp/GroupB-aoca-smart-app/composeApp/src/iosMain/kotlin/org/example/dementia_tester_app/data/ActivityService.ios.kt:40:20 Unresolved reference 'addDocumentWithData'.
e: file:///Users/michelle/Documents/SCHOOL/UNE/T2%202026/COSC591/DementiaSmartApp/GroupB-aoca-smart-app/composeApp/src/iosMain/kotlin/org/example/dementia_tester_app/data/ActivityService.ios.kt:58:14 Unresolved reference 'queryOrderByField'.
e: file:///Users/michelle/Documents/SCHOOL/UNE/T2%202026/COSC591/DementiaSmartApp/GroupB-aoca-smart-app/composeApp/src/iosMain/kotlin/org/example/dementia_tester_app/data/ActivityService.ios.kt:59:46 Unresolved reference 'FIRQuerySnapshot'.
e: file:///Users/michelle/Documents/SCHOOL/UNE/T2%202026/COSC591/DementiaSmartApp/GroupB-aoca-smart-app/composeApp/src/iosMain/kotlin/org/example/dementia_tester_app/data/ActivityService.ios.kt:65:47 Unresolved reference 'documents'.
e: file:///Users/michelle/Documents/SCHOOL/UNE/T2%202026/COSC591/DementiaSmartApp/GroupB-aoca-smart-app/composeApp/src/iosMain/kotlin/org/example/dementia_tester_app/data/ActivityService.ios.kt:65:70 Cannot infer type for value parameter 'docAny'. Specify it explicitly.
e: file:///Users/michelle/Documents/SCHOOL/UNE/T2%202026/COSC591/DementiaSmartApp/GroupB-aoca-smart-app/composeApp/src/iosMain/kotlin/org/example/dementia_tester_app/data/ActivityService.ios.kt:66:45 Unresolved reference 'FIRDocumentSnapshot'.
e: file:///Users/michelle/Documents/SCHOOL/UNE/T2%202026/COSC591/DementiaSmartApp/GroupB-aoca-smart-app/composeApp/src/iosMain/kotlin/org/example/dementia_tester_app/data/ActivityService.ios.kt:67:40 Unresolved reference 'data'.
e: file:///Users/michelle/Documents/SCHOOL/UNE/T2%202026/COSC591/DementiaSmartApp/GroupB-aoca-smart-app/composeApp/src/iosMain/kotlin/org/example/dementia_tester_app/data/ActivityService.ios.kt:68:62 Unresolved reference 'documentID'.
e: file:///Users/michelle/Documents/SCHOOL/UNE/T2%202026/COSC591/DementiaSmartApp/GroupB-aoca-smart-app/composeApp/src/iosMain/kotlin/org/example/dementia_tester_app/data/ActivityService.ios.kt:89:14 Unresolved reference 'toInstant'.
e: file:///Users/michelle/Documents/SCHOOL/UNE/T2%202026/COSC591/DementiaSmartApp/GroupB-aoca-smart-app/composeApp/src/iosMain/kotlin/org/example/dementia_tester_app/data/ActivityService.ios.kt:92:14 Unresolved reference 'queryWhereField'.
e: file:///Users/michelle/Documents/SCHOOL/UNE/T2%202026/COSC591/DementiaSmartApp/GroupB-aoca-smart-app/composeApp/src/iosMain/kotlin/org/example/dementia_tester_app/data/ActivityService.ios.kt:93:53 Unresolved reference 'FIRQuerySnapshot'.
e: file:///Users/michelle/Documents/SCHOOL/UNE/T2%202026/COSC591/DementiaSmartApp/GroupB-aoca-smart-app/composeApp/src/iosMain/kotlin/org/example/dementia_tester_app/data/ActivityService.ios.kt:101:49 None of the following candidates is applicable:

fun <T> Array<out T>.count(): Int:
  Unresolved reference. None of the following candidates is applicable because of a receiver type mismatch:
fun <T> Array<out T>.count(): Int

fun ByteArray.count(): Int:
  Unresolved reference. None of the following candidates is applicable because of a receiver type mismatch:
fun ByteArray.count(): Int

fun ShortArray.count(): Int:
  Unresolved reference. None of the following candidates is applicable because of a receiver type mismatch:
fun ShortArray.count(): Int

fun IntArray.count(): Int:
  Unresolved reference. None of the following candidates is applicable because of a receiver type mismatch:
fun IntArray.count(): Int

fun LongArray.count(): Int:
  Unresolved reference. None of the following candidates is applicable because of a receiver type mismatch:
fun LongArray.count(): Int

fun FloatArray.count(): Int:
  Unresolved reference. None of the following candidates is applicable because of a receiver type mismatch:
fun FloatArray.count(): Int

fun DoubleArray.count(): Int:
  Unresolved reference. None of the following candidates is applicable because of a receiver type mismatch:
fun DoubleArray.count(): Int

fun BooleanArray.count(): Int:
  Unresolved reference. None of the following candidates is applicable because of a receiver type mismatch:
fun BooleanArray.count(): Int

fun CharArray.count(): Int:
  Unresolved reference. None of the following candidates is applicable because of a receiver type mismatch:
fun CharArray.count(): Int

fun <T> Array<out T>.count(predicate: (T) -> Boolean): Int:
  Unresolved reference. None of the following candidates is applicable because of a receiver type mismatch:
fun <T> Array<out T>.count(predicate: (T) -> Boolean): Int

fun ByteArray.count(predicate: (Byte) -> Boolean): Int:
  Unresolved reference. None of the following candidates is applicable because of a receiver type mismatch:
fun ByteArray.count(predicate: (Byte) -> Boolean): Int

fun ShortArray.count(predicate: (Short) -> Boolean): Int:
  Unresolved reference. None of the following candidates is applicable because of a receiver type mismatch:
fun ShortArray.count(predicate: (Short) -> Boolean): Int

fun IntArray.count(predicate: (Int) -> Boolean): Int:
  Unresolved reference. None of the following candidates is applicable because of a receiver type mismatch:
fun IntArray.count(predicate: (Int) -> Boolean): Int

fun LongArray.count(predicate: (Long) -> Boolean): Int:
  Unresolved reference. None of the following candidates is applicable because of a receiver type mismatch:
fun LongArray.count(predicate: (Long) -> Boolean): Int

fun FloatArray.count(predicate: (Float) -> Boolean): Int:
  Unresolved reference. None of the following candidates is applicable because of a receiver type mismatch:
fun FloatArray.count(predicate: (Float) -> Boolean): Int

fun DoubleArray.count(predicate: (Double) -> Boolean): Int:
  Unresolved reference. None of the following candidates is applicable because of a receiver type mismatch:
fun DoubleArray.count(predicate: (Double) -> Boolean): Int

fun BooleanArray.count(predicate: (Boolean) -> Boolean): Int:
  Unresolved reference. None of the following candidates is applicable because of a receiver type mismatch:
fun BooleanArray.count(predicate: (Boolean) -> Boolean): Int

fun CharArray.count(predicate: (Char) -> Boolean): Int:
  Unresolved reference. None of the following candidates is applicable because of a receiver type mismatch:
fun CharArray.count(predicate: (Char) -> Boolean): Int

fun <T> Iterable<T>.count(): Int:
  Unresolved reference. None of the following candidates is applicable because of a receiver type mismatch:
fun <T> Iterable<T>.count(): Int

fun <T> Collection<T>.count(): Int:
  Unresolved reference. None of the following candidates is applicable because of a receiver type mismatch:
fun <T> Collection<T>.count(): Int

fun <T> Iterable<T>.count(predicate: (T) -> Boolean): Int:
  Unresolved reference. None of the following candidates is applicable because of a receiver type mismatch:
fun <T> Iterable<T>.count(predicate: (T) -> Boolean): Int

fun <K, V> Map<out K, V>.count(): Int:
  Unresolved reference. None of the following candidates is applicable because of a receiver type mismatch:
fun <K, V> Map<out K, V>.count(): Int

fun <K, V> Map<out K, V>.count(predicate: (Map.Entry<K, V>) -> Boolean): Int:
  Unresolved reference. None of the following candidates is applicable because of a receiver type mismatch:
fun <K, V> Map<out K, V>.count(predicate: (Map.Entry<K, V>) -> Boolean): Int

fun UIntArray.count(predicate: (UInt) -> Boolean): Int:
  Unresolved reference. None of the following candidates is applicable because of a receiver type mismatch:
fun UIntArray.count(predicate: (UInt) -> Boolean): Int

fun ULongArray.count(predicate: (ULong) -> Boolean): Int:
  Unresolved reference. None of the following candidates is applicable because of a receiver type mismatch:
fun ULongArray.count(predicate: (ULong) -> Boolean): Int

fun UByteArray.count(predicate: (UByte) -> Boolean): Int:
  Unresolved reference. None of the following candidates is applicable because of a receiver type mismatch:
fun UByteArray.count(predicate: (UByte) -> Boolean): Int

fun UShortArray.count(predicate: (UShort) -> Boolean): Int:
  Unresolved reference. None of the following candidates is applicable because of a receiver type mismatch:
fun UShortArray.count(predicate: (UShort) -> Boolean): Int

fun <T> Sequence<T>.count(): Int:
  Unresolved reference. None of the following candidates is applicable because of a receiver type mismatch:
fun <T> Sequence<T>.count(): Int

fun <T> Sequence<T>.count(predicate: (T) -> Boolean): Int:
  Unresolved reference. None of the following candidates is applicable because of a receiver type mismatch:
fun <T> Sequence<T>.count(predicate: (T) -> Boolean): Int

fun CharSequence.count(): Int:
  Unresolved reference. None of the following candidates is applicable because of a receiver type mismatch:
fun CharSequence.count(): Int

fun CharSequence.count(predicate: (Char) -> Boolean): Int:
  Unresolved reference. None of the following candidates is applicable because of a receiver type mismatch:
fun CharSequence.count(predicate: (Char) -> Boolean): Int
e: file:///Users/michelle/Documents/SCHOOL/UNE/T2%202026/COSC591/DementiaSmartApp/GroupB-aoca-smart-app/composeApp/src/iosMain/kotlin/org/example/dementia_tester_app/data/ActivityService.ios.kt:103:30 Unresolved reference 'documents'.
e: file:///Users/michelle/Documents/SCHOOL/UNE/T2%202026/COSC591/DementiaSmartApp/GroupB-aoca-smart-app/composeApp/src/iosMain/kotlin/org/example/dementia_tester_app/data/ActivityService.ios.kt:103:50 Cannot infer type for value parameter 'docAny'. Specify it explicitly.
e: file:///Users/michelle/Documents/SCHOOL/UNE/T2%202026/COSC591/DementiaSmartApp/GroupB-aoca-smart-app/composeApp/src/iosMain/kotlin/org/example/dementia_tester_app/data/ActivityService.ios.kt:104:45 Unresolved reference 'FIRDocumentSnapshot'.
e: file:///Users/michelle/Documents/SCHOOL/UNE/T2%202026/COSC591/DementiaSmartApp/GroupB-aoca-smart-app/composeApp/src/iosMain/kotlin/org/example/dementia_tester_app/data/ActivityService.ios.kt:105:40 Unresolved reference 'data'.
e: file:///Users/michelle/Documents/SCHOOL/UNE/T2%202026/COSC591/DementiaSmartApp/GroupB-aoca-smart-app/composeApp/src/iosMain/kotlin/org/example/dementia_tester_app/data/ActivityService.ios.kt:106:49 Cannot infer type for type parameter 'R'. Specify it explicitly.
e: file:///Users/michelle/Documents/SCHOOL/UNE/T2%202026/COSC591/DementiaSmartApp/GroupB-aoca-smart-app/composeApp/src/iosMain/kotlin/org/example/dementia_tester_app/data/ActivityService.ios.kt:106:49 Cannot infer type for type parameter 'T'. Specify it explicitly.
e: file:///Users/michelle/Documents/SCHOOL/UNE/T2%202026/COSC591/DementiaSmartApp/GroupB-aoca-smart-app/composeApp/src/iosMain/kotlin/org/example/dementia_tester_app/data/ActivityService.ios.kt:106:49 Unresolved reference. None of the following candidates is applicable because of a receiver type mismatch:
fun <R, T : R> Result<T>.getOrDefault(defaultValue: R): R
e: file:///Users/michelle/Documents/SCHOOL/UNE/T2%202026/COSC591/DementiaSmartApp/GroupB-aoca-smart-app/composeApp/src/iosMain/kotlin/org/example/dementia_tester_app/data/AppointmentService.ios.kt:14:14 'actual class AppointmentService : Any' has no corresponding members for expected class members:

    expect fun createAppointmentForUser(userId: String, appointment: Appointment, callback: (DatabaseResult<Unit>) -> Unit): Unit

    expect fun getAppointmentsForUser(userId: String, callback: (DatabaseResult<List<Appointment>>) -> Unit): Unit

    expect fun updateAppointmentStatusForUser(userId: String, appointmentId: String, newStatus: AppointmentStatus, callback: (DatabaseResult<Unit>) -> Unit): Unit

e: file:///Users/michelle/Documents/SCHOOL/UNE/T2%202026/COSC591/DementiaSmartApp/GroupB-aoca-smart-app/composeApp/src/iosMain/kotlin/org/example/dementia_tester_app/data/AppointmentService.ios.kt:25:30 Unresolved reference 'childByAutoID'.
e: file:///Users/michelle/Documents/SCHOOL/UNE/T2%202026/COSC591/DementiaSmartApp/GroupB-aoca-smart-app/composeApp/src/iosMain/kotlin/org/example/dementia_tester_app/data/AppointmentService.ios.kt:35:40 Cannot infer type for value parameter 'error'. Specify it explicitly.
e: file:///Users/michelle/Documents/SCHOOL/UNE/T2%202026/COSC591/DementiaSmartApp/GroupB-aoca-smart-app/composeApp/src/iosMain/kotlin/org/example/dementia_tester_app/data/AppointmentService.ios.kt:35:47 Cannot infer type for implicit value parameter 'it'. Specify it explicitly.
e: file:///Users/michelle/Documents/SCHOOL/UNE/T2%202026/COSC591/DementiaSmartApp/GroupB-aoca-smart-app/composeApp/src/iosMain/kotlin/org/example/dementia_tester_app/data/AppointmentService.ios.kt:37:85 Unresolved reference 'localizedDescription'.
e: file:///Users/michelle/Documents/SCHOOL/UNE/T2%202026/COSC591/DementiaSmartApp/GroupB-aoca-smart-app/composeApp/src/iosMain/kotlin/org/example/dementia_tester_app/data/AppointmentService.ios.kt:48:65 Unresolved reference 'FIRDataEventTypeValue'.
e: file:///Users/michelle/Documents/SCHOOL/UNE/T2%202026/COSC591/DementiaSmartApp/GroupB-aoca-smart-app/composeApp/src/iosMain/kotlin/org/example/dementia_tester_app/data/AppointmentService.ios.kt:55:35 Unresolved reference 'allObjects'.
e: file:///Users/michelle/Documents/SCHOOL/UNE/T2%202026/COSC591/DementiaSmartApp/GroupB-aoca-smart-app/composeApp/src/iosMain/kotlin/org/example/dementia_tester_app/data/AppointmentService.ios.kt:55:56 Cannot infer type for value parameter 'child'. Specify it explicitly.
e: file:///Users/michelle/Documents/SCHOOL/UNE/T2%202026/COSC591/DementiaSmartApp/GroupB-aoca-smart-app/composeApp/src/iosMain/kotlin/org/example/dementia_tester_app/data/AppointmentService.ios.kt:56:70 Return type mismatch: expected '??? (Unknown type for value parameter it)', actual 'Unit'.
e: file:///Users/michelle/Documents/SCHOOL/UNE/T2%202026/COSC591/DementiaSmartApp/GroupB-aoca-smart-app/composeApp/src/iosMain/kotlin/org/example/dementia_tester_app/data/AppointmentService.ios.kt:57:64 Return type mismatch: expected '??? (Unknown type for value parameter it)', actual 'Unit'.
e: file:///Users/michelle/Documents/SCHOOL/UNE/T2%202026/COSC591/DementiaSmartApp/GroupB-aoca-smart-app/composeApp/src/iosMain/kotlin/org/example/dementia_tester_app/data/AppointmentService.ios.kt:91:25 Unresolved reference 'allKeys'.
e: file:///Users/michelle/Documents/SCHOOL/UNE/T2%202026/COSC591/DementiaSmartApp/GroupB-aoca-smart-app/composeApp/src/iosMain/kotlin/org/example/dementia_tester_app/data/ReminderService.ios.kt:14:14 'actual class ReminderService : Any' has no corresponding members for expected class members:

    expect fun createReminderForUser(userId: String, reminder: Reminder, callback: (ReminderResult<Unit>) -> Unit): Unit

    expect fun updateReminderForUser(userId: String, reminderId: String, updates: Map<String, Any?>, callback: (ReminderResult<Unit>) -> Unit): Unit

    expect fun deleteReminderForUser(userId: String, reminderID: String, callback: (ReminderResult<Unit>) -> Unit): Unit

e: file:///Users/michelle/Documents/SCHOOL/UNE/T2%202026/COSC591/DementiaSmartApp/GroupB-aoca-smart-app/composeApp/src/iosMain/kotlin/org/example/dementia_tester_app/data/UserProfileService.ios.kt:54:25 Unresolved reference 'allKeys'.
e: file:///Users/michelle/Documents/SCHOOL/UNE/T2%202026/COSC591/DementiaSmartApp/GroupB-aoca-smart-app/composeApp/src/iosMain/kotlin/org/example/dementia_tester_app/data/UserProfileService.ios.kt:92:40 Unresolved reference 'FIRDataEventTypeValue'.
e: file:///Users/michelle/Documents/SCHOOL/UNE/T2%202026/COSC591/DementiaSmartApp/GroupB-aoca-smart-app/composeApp/src/iosMain/kotlin/org/example/dementia_tester_app/data/UserProfileService.ios.kt:156:40 Unresolved reference 'FIRDataEventTypeValue'.
e: file:///Users/michelle/Documents/SCHOOL/UNE/T2%202026/COSC591/DementiaSmartApp/GroupB-aoca-smart-app/composeApp/src/iosMain/kotlin/org/example/dementia_tester_app/data/UserProfileService.ios.kt:281:40 Unresolved reference 'FIRDataEventTypeValue'.
e: file:///Users/michelle/Documents/SCHOOL/UNE/T2%202026/COSC591/DementiaSmartApp/GroupB-aoca-smart-app/composeApp/src/iosMain/kotlin/org/example/dementia_tester_app/data/UserProfileService.ios.kt:353:40 Unresolved reference 'FIRDataEventTypeValue'.
e: file:///Users/michelle/Documents/SCHOOL/UNE/T2%202026/COSC591/DementiaSmartApp/GroupB-aoca-smart-app/composeApp/src/iosMain/kotlin/org/example/dementia_tester_app/data/UserProfileService.ios.kt:362:23 Unresolved reference 'allObjects'.
e: file:///Users/michelle/Documents/SCHOOL/UNE/T2%202026/COSC591/DementiaSmartApp/GroupB-aoca-smart-app/composeApp/src/iosMain/kotlin/org/example/dementia_tester_app/data/UserProfileService.ios.kt:363:33 Cannot infer type for value parameter 'child'. Specify it explicitly.
e: file:///Users/michelle/Documents/SCHOOL/UNE/T2%202026/COSC591/DementiaSmartApp/GroupB-aoca-smart-app/composeApp/src/iosMain/kotlin/org/example/dementia_tester_app/data/UserProfileService.ios.kt:367:36 Return type mismatch: expected '??? (Unknown type for value parameter it)', actual 'Unit'.
e: file:///Users/michelle/Documents/SCHOOL/UNE/T2%202026/COSC591/DementiaSmartApp/GroupB-aoca-smart-app/composeApp/src/iosMain/kotlin/org/example/dementia_tester_app/data/UserProfileService.ios.kt:371:36 Return type mismatch: expected '??? (Unknown type for value parameter it)', actual 'Unit'.
e: file:///Users/michelle/Documents/SCHOOL/UNE/T2%202026/COSC591/DementiaSmartApp/GroupB-aoca-smart-app/composeApp/src/iosMain/kotlin/org/example/dementia_tester_app/data/UserProfileService.ios.kt:377:29 Return type mismatch: expected '??? (Unknown type for value parameter it)', actual 'Unit'.
e: file:///Users/michelle/Documents/SCHOOL/UNE/T2%202026/COSC591/DementiaSmartApp/GroupB-aoca-smart-app/composeApp/src/iosMain/kotlin/org/example/dementia_tester_app/data/UserProfileService.ios.kt:432:48 Unresolved reference 'FIRDataEventTypeValue'.
e: file:///Users/michelle/Documents/SCHOOL/UNE/T2%202026/COSC591/DementiaSmartApp/GroupB-aoca-smart-app/composeApp/src/iosMain/kotlin/org/example/dementia_tester_app/data/UserProfileService.ios.kt:441:31 Unresolved reference 'allObjects'.
e: file:///Users/michelle/Documents/SCHOOL/UNE/T2%202026/COSC591/DementiaSmartApp/GroupB-aoca-smart-app/composeApp/src/iosMain/kotlin/org/example/dementia_tester_app/data/UserProfileService.ios.kt:442:41 Cannot infer type for value parameter 'child'. Specify it explicitly.
e: file:///Users/michelle/Documents/SCHOOL/UNE/T2%202026/COSC591/DementiaSmartApp/GroupB-aoca-smart-app/composeApp/src/iosMain/kotlin/org/example/dementia_tester_app/data/UserProfileService.ios.kt:446:44 Return type mismatch: expected '??? (Unknown type for value parameter it)', actual 'Unit'.
e: file:///Users/michelle/Documents/SCHOOL/UNE/T2%202026/COSC591/DementiaSmartApp/GroupB-aoca-smart-app/composeApp/src/iosMain/kotlin/org/example/dementia_tester_app/data/UserProfileService.ios.kt:450:44 Return type mismatch: expected '??? (Unknown type for value parameter it)', actual 'Unit'.
e: file:///Users/michelle/Documents/SCHOOL/UNE/T2%202026/COSC591/DementiaSmartApp/GroupB-aoca-smart-app/composeApp/src/iosMain/kotlin/org/example/dementia_tester_app/data/UserProfileService.ios.kt:456:37 Return type mismatch: expected '??? (Unknown type for value parameter it)', actual 'Unit'.
e: file:///Users/michelle/Documents/SCHOOL/UNE/T2%202026/COSC591/DementiaSmartApp/GroupB-aoca-smart-app/composeApp/src/iosMain/kotlin/org/example/dementia_tester_app/data/UserProfileService.ios.kt:469:37 Return type mismatch: expected '??? (Unknown type for value parameter it)', actual 'Unit'.
e: file:///Users/michelle/Documents/SCHOOL/UNE/T2%202026/COSC591/DementiaSmartApp/GroupB-aoca-smart-app/composeApp/src/iosMain/kotlin/org/example/dementia_tester_app/data/UserProfileService.ios.kt:542:48 Unresolved reference 'FIRDataEventTypeValue'.
e: file:///Users/michelle/Documents/SCHOOL/UNE/T2%202026/COSC591/DementiaSmartApp/GroupB-aoca-smart-app/composeApp/src/iosMain/kotlin/org/example/dementia_tester_app/data/UserProfileService.ios.kt:631:48 Unresolved reference 'FIRDataEventTypeValue'.
e: file:///Users/michelle/Documents/SCHOOL/UNE/T2%202026/COSC591/DementiaSmartApp/GroupB-aoca-smart-app/composeApp/src/iosMain/kotlin/org/example/dementia_tester_app/data/UserProfileService.ios.kt:651:26 Unresolved reference 'allObjects'.
e: file:///Users/michelle/Documents/SCHOOL/UNE/T2%202026/COSC591/DementiaSmartApp/GroupB-aoca-smart-app/composeApp/src/iosMain/kotlin/org/example/dementia_tester_app/data/UserProfileService.ios.kt:652:36 Cannot infer type for value parameter 'child'. Specify it explicitly.
e: file:///Users/michelle/Documents/SCHOOL/UNE/T2%202026/COSC591/DementiaSmartApp/GroupB-aoca-smart-app/composeApp/src/iosMain/kotlin/org/example/dementia_tester_app/data/UserProfileService.ios.kt:656:40 Return type mismatch: expected '??? (Unknown type for value parameter it)', actual 'Unit'.
e: file:///Users/michelle/Documents/SCHOOL/UNE/T2%202026/COSC591/DementiaSmartApp/GroupB-aoca-smart-app/composeApp/src/iosMain/kotlin/org/example/dementia_tester_app/data/UserProfileService.ios.kt:690:38 Unresolved reference 'FIRDataEventTypeValue'.
e: file:///Users/michelle/Documents/SCHOOL/UNE/T2%202026/COSC591/DementiaSmartApp/GroupB-aoca-smart-app/composeApp/src/iosMain/kotlin/org/example/dementia_tester_app/data/UserProfileService.ios.kt:800:48 Unresolved reference 'FIRDataEventTypeValue'.
e: file:///Users/michelle/Documents/SCHOOL/UNE/T2%202026/COSC591/DementiaSmartApp/GroupB-aoca-smart-app/composeApp/src/iosMain/kotlin/org/example/dementia_tester_app/data/UserProfileService.ios.kt:809:31 Unresolved reference 'allObjects'.
e: file:///Users/michelle/Documents/SCHOOL/UNE/T2%202026/COSC591/DementiaSmartApp/GroupB-aoca-smart-app/composeApp/src/iosMain/kotlin/org/example/dementia_tester_app/data/UserProfileService.ios.kt:810:41 Cannot infer type for value parameter 'child'. Specify it explicitly.
e: file:///Users/michelle/Documents/SCHOOL/UNE/T2%202026/COSC591/DementiaSmartApp/GroupB-aoca-smart-app/composeApp/src/iosMain/kotlin/org/example/dementia_tester_app/data/UserProfileService.ios.kt:814:44 Return type mismatch: expected '??? (Unknown type for value parameter it)', actual 'Unit'.
e: file:///Users/michelle/Documents/SCHOOL/UNE/T2%202026/COSC591/DementiaSmartApp/GroupB-aoca-smart-app/composeApp/src/iosMain/kotlin/org/example/dementia_tester_app/data/UserProfileService.ios.kt:818:44 Return type mismatch: expected '??? (Unknown type for value parameter it)', actual 'Unit'.
e: file:///Users/michelle/Documents/SCHOOL/UNE/T2%202026/COSC591/DementiaSmartApp/GroupB-aoca-smart-app/composeApp/src/iosMain/kotlin/org/example/dementia_tester_app/data/UserProfileService.ios.kt:824:37 Return type mismatch: expected '??? (Unknown type for value parameter it)', actual 'Unit'.
e: file:///Users/michelle/Documents/SCHOOL/UNE/T2%202026/COSC591/DementiaSmartApp/GroupB-aoca-smart-app/composeApp/src/iosMain/kotlin/org/example/dementia_tester_app/data/UserProfileService.ios.kt:907:48 Unresolved reference 'FIRDataEventTypeValue'.
e: file:///Users/michelle/Documents/SCHOOL/UNE/T2%202026/COSC591/DementiaSmartApp/GroupB-aoca-smart-app/composeApp/src/iosMain/kotlin/org/example/dementia_tester_app/data/UserProfileService.ios.kt:955:34 Unresolved reference 'FIRDataEventTypeValue'.
e: file:///Users/michelle/Documents/SCHOOL/UNE/T2%202026/COSC591/DementiaSmartApp/GroupB-aoca-smart-app/composeApp/src/iosMain/kotlin/org/example/dementia_tester_app/data/UserProfileService.ios.kt:1084:24 Cannot infer type for type parameter 'R'. Specify it explicitly.
e: file:///Users/michelle/Documents/SCHOOL/UNE/T2%202026/COSC591/DementiaSmartApp/GroupB-aoca-smart-app/composeApp/src/iosMain/kotlin/org/example/dementia_tester_app/data/UserProfileService.ios.kt:1085:24 Unresolved reference 'create'.
e: file:///Users/michelle/Documents/SCHOOL/UNE/T2%202026/COSC591/DementiaSmartApp/GroupB-aoca-smart-app/composeApp/src/iosMain/kotlin/org/example/dementia_tester_app/data/UserSettingsService.ios.kt:14:14 The 'expect' and the 'actual' declarations are incompatible.
  expect: public final expect class UserSettingsService : UserSettingsServiceInterface
  actual: public final actual class UserSettingsService : Any
  reason: some supertypes are missing in the 'actual' declaration
e: file:///Users/michelle/Documents/SCHOOL/UNE/T2%202026/COSC591/DementiaSmartApp/GroupB-aoca-smart-app/composeApp/src/iosMain/kotlin/org/example/dementia_tester_app/data/UserSettingsService.ios.kt:70:25 Unresolved reference 'allKeys'.
e: file:///Users/michelle/Documents/SCHOOL/UNE/T2%202026/COSC591/DementiaSmartApp/GroupB-aoca-smart-app/composeApp/src/iosMain/kotlin/org/example/dementia_tester_app/ui/components/ImagePicker.ios.kt:22:55 Argument type mismatch: actual type is 'UIImage.Companion', but 'NSItemProviderReadingProtocol' was expected.
e: file:///Users/michelle/Documents/SCHOOL/UNE/T2%202026/COSC591/DementiaSmartApp/GroupB-aoca-smart-app/composeApp/src/iosMain/kotlin/org/example/dementia_tester_app/ui/components/ImagePicker.ios.kt:23:52 Argument type mismatch: actual type is 'UIImage.Companion', but 'NSItemProviderReadingProtocol' was expected.
e: file:///Users/michelle/Documents/SCHOOL/UNE/T2%202026/COSC591/DementiaSmartApp/GroupB-aoca-smart-app/composeApp/src/iosMain/kotlin/org/example/dementia_tester_app/ui/components/ImagePicker.ios.kt:50:33 Unresolved reference 'memcpy'.

> Task :composeApp:compileKotlinIosSimulatorArm64 FAILED

FAILURE: Build failed with an exception.

* What went wrong:
Execution failed for task ':composeApp:compileKotlinIosSimulatorArm64'.
> Compilation finished with errors

* Try:
> Run with --stacktrace option to get the stack trace.
> Run with --info or --debug option to get more log output.
> Run with --scan to get full insights from a Build Scan (powered by Develocity).
> Get more help at https://help.gradle.org.

BUILD FAILED in 7s
28 actionable tasks: 3 executed, 25 up-to-date
Configuration cache entry reused.
